../Core/Src/main.c:83:5:map	24	static
../Core/Src/main.c:87:6:HAL_TIM_IC_CaptureCallback	88	static
../Core/Src/main.c:176:5:main	40	static
../Core/Src/main.c:334:6:SystemClock_Config	72	static
../Core/Src/main.c:371:13:MX_I2C1_Init	8	static
../Core/Src/main.c:403:13:MX_I2C2_Init	8	static
../Core/Src/main.c:435:13:MX_TIM1_Init	96	static
../Core/Src/main.c:510:13:MX_TIM2_Init	48	static
../Core/Src/main.c:572:13:MX_GPIO_Init	40	static
../Core/Src/main.c:629:6:Error_Handler	4	static,ignoring_inline_asm
