../Core/Src/main.c:93:5:map	24	static
../Core/Src/main.c:97:6:HAL_TIM_IC_CaptureCallback	88	static
../Core/Src/main.c:226:5:main	40	static
../Core/Src/main.c:397:6:SystemClock_Config	72	static
../Core/Src/main.c:437:13:MX_I2C1_Init	8	static
../Core/Src/main.c:471:13:MX_I2C2_Init	8	static
../Core/Src/main.c:505:13:MX_TIM1_Init	96	static
../Core/Src/main.c:584:13:MX_TIM2_Init	48	static
../Core/Src/main.c:654:13:MX_TIM3_Init	64	static
../Core/Src/main.c:713:13:MX_GPIO_Init	40	static
../Core/Src/main.c:770:6:HAL_GPIO_EXTI_Callback	24	static
../Core/Src/main.c:786:6:Error_Handler	4	static,ignoring_inline_asm
